// Jest Snapshot v1, https://goo.gl/fbAQLP

exports[`Notification renders 1`] = `
Object {
  "Component": Object {
    "Container": Object {
      "active": false,
      "alpha": 0.001,
      "attached": true,
      "boundsMargin": null,
      "children": Object {
        "ActionArea": Object {
          "active": false,
          "alpha": 0.001,
          "attached": true,
          "boundsMargin": null,
          "children": Object {
            "Content": Object {
              "active": false,
              "alpha": 1,
              "attached": true,
              "boundsMargin": null,
              "children": Object {
                "Text": Object {
                  "active": false,
                  "alpha": 1,
                  "attached": true,
                  "boundsMargin": null,
                  "clipping": false,
                  "color": 4294967295,
                  "enabled": true,
                  "flex": false,
                  "flexItem": false,
                  "h": 0,
                  "hasFinalFocus": false,
                  "hasFocus": false,
                  "isComponent": true,
                  "mount": 0,
                  "mountX": 0,
                  "mountY": 0,
                  "pivot": 0.5,
                  "pivotX": 0.5,
                  "pivotY": 0.5,
                  "ref": "Text",
                  "renderOfScreen": undefined,
                  "renderToTexture": false,
                  "scale": 1,
                  "scaleX": 1,
                  "scaleY": 1,
                  "state": "",
                  "tag": [Function],
                  "tags": Array [
                    "Text",
                  ],
                  "type": "InlineContent",
                  "visible": true,
                  "w": 512,
                  "x": 0,
                  "y": -4,
                  "zIndex": 0,
                },
              },
              "clipping": false,
              "color": 4294967295,
              "enabled": true,
              "flex": false,
              "flexItem": false,
              "h": 0,
              "isComponent": undefined,
              "mount": 0,
              "mountX": 0,
              "mountY": 0,
              "pivot": 0.5,
              "pivotX": 0.5,
              "pivotY": 0.5,
              "ref": "Content",
              "renderOfScreen": undefined,
              "renderToTexture": false,
              "scale": 1,
              "scaleX": 1,
              "scaleY": 1,
              "state": undefined,
              "tag": [Function],
              "tags": Array [
                "Content",
              ],
              "visible": true,
              "w": 512,
              "x": 24,
              "y": 16,
              "zIndex": 0,
            },
          },
          "clipping": false,
          "color": "ff3e3e45",
          "enabled": true,
          "flex": false,
          "flexItem": false,
          "h": 0,
          "isComponent": undefined,
          "mount": 0,
          "mountX": 0,
          "mountY": 0,
          "pivot": 0.5,
          "pivotX": 0.5,
          "pivotY": 0.5,
          "ref": "ActionArea",
          "renderOfScreen": undefined,
          "renderToTexture": false,
          "scale": 1,
          "scaleX": 1,
          "scaleY": 1,
          "state": undefined,
          "tag": [Function],
          "tags": Array [
            "ActionArea",
          ],
          "texture": Object {
            "type": "RectangleTexture",
          },
          "visible": true,
          "w": 560,
          "x": 0,
          "y": 0,
          "zIndex": 0,
        },
        "Content": Object {
          "active": false,
          "alpha": 1,
          "attached": true,
          "boundsMargin": null,
          "children": Object {
            "Icon": Object {
              "active": false,
              "alpha": 0.001,
              "attached": true,
              "boundsMargin": null,
              "clipping": false,
              "color": 4294967295,
              "enabled": true,
              "flex": false,
              "flexItem": true,
              "h": 64,
              "hasFinalFocus": false,
              "hasFocus": false,
              "isComponent": true,
              "mount": 0,
              "mountX": 0,
              "mountY": 0,
              "pivot": 0.5,
              "pivotX": 0.5,
              "pivotY": 0.5,
              "ref": "Icon",
              "renderOfScreen": undefined,
              "renderToTexture": false,
              "scale": 1,
              "scaleX": 1,
              "scaleY": 1,
              "state": "",
              "tag": [Function],
              "tags": Array [
                "Icon",
              ],
              "texture": Object {
                "src": "patch/to/src",
                "type": "ImageTexture",
              },
              "type": "Icon",
              "visible": true,
              "w": 64,
              "x": 0,
              "y": 0,
              "zIndex": 0,
            },
            "Text": Object {
              "active": false,
              "alpha": 0.001,
              "attached": true,
              "boundsMargin": null,
              "children": Object {
                "Description": Object {
                  "active": false,
                  "alpha": 1,
                  "attached": true,
                  "boundsMargin": null,
                  "children": Object {
                    "Element-12": Object {
                      "active": false,
                      "alpha": 1,
                      "attached": true,
                      "boundsMargin": null,
                      "clipping": false,
                      "color": 4294967295,
                      "enabled": true,
                      "flex": false,
                      "flexItem": true,
                      "h": 40,
                      "isComponent": undefined,
                      "mount": 0,
                      "mountX": 0,
                      "mountY": 0,
                      "pivot": 0.5,
                      "pivotX": 0.5,
                      "pivotY": 0.5,
                      "ref": null,
                      "renderOfScreen": undefined,
                      "renderToTexture": false,
                      "scale": 1,
                      "scaleX": 1,
                      "scaleY": 1,
                      "state": undefined,
                      "tag": [Function],
                      "texture": Object {
                        "fontFace": "XfinityStandardMedium",
                        "fontSize": 24,
                        "h": 40,
                        "lineHeight": 36,
                        "text": "This ",
                        "textColor": 3439329279,
                        "type": "TextTexture",
                        "verticalAlign": "middle",
                      },
                      "visible": true,
                      "w": 0,
                      "x": 0,
                      "y": 0,
                      "zIndex": 0,
                    },
                    "Element-13": Object {
                      "active": false,
                      "alpha": 1,
                      "attached": true,
                      "boundsMargin": null,
                      "clipping": false,
                      "color": 4294967295,
                      "enabled": true,
                      "flex": false,
                      "flexItem": true,
                      "h": 40,
                      "isComponent": undefined,
                      "mount": 0,
                      "mountX": 0,
                      "mountY": 0,
                      "pivot": 0.5,
                      "pivotX": 0.5,
                      "pivotY": 0.5,
                      "ref": null,
                      "renderOfScreen": undefined,
                      "renderToTexture": false,
                      "scale": 1,
                      "scaleX": 1,
                      "scaleY": 1,
                      "state": undefined,
                      "tag": [Function],
                      "texture": Object {
                        "fontFace": "XfinityStandardMedium",
                        "fontSize": 24,
                        "h": 40,
                        "lineHeight": 36,
                        "text": "is ",
                        "textColor": 3439329279,
                        "type": "TextTexture",
                        "verticalAlign": "middle",
                      },
                      "visible": true,
                      "w": 0,
                      "x": 0,
                      "y": 0,
                      "zIndex": 0,
                    },
                    "Element-14": Object {
                      "active": false,
                      "alpha": 1,
                      "attached": true,
                      "boundsMargin": null,
                      "clipping": false,
                      "color": 4294967295,
                      "enabled": true,
                      "flex": false,
                      "flexItem": true,
                      "h": 40,
                      "isComponent": undefined,
                      "mount": 0,
                      "mountX": 0,
                      "mountY": 0,
                      "pivot": 0.5,
                      "pivotX": 0.5,
                      "pivotY": 0.5,
                      "ref": null,
                      "renderOfScreen": undefined,
                      "renderToTexture": false,
                      "scale": 1,
                      "scaleX": 1,
                      "scaleY": 1,
                      "state": undefined,
                      "tag": [Function],
                      "texture": Object {
                        "fontFace": "XfinityStandardMedium",
                        "fontSize": 24,
                        "h": 40,
                        "lineHeight": 36,
                        "text": "a ",
                        "textColor": 3439329279,
                        "type": "TextTexture",
                        "verticalAlign": "middle",
                      },
                      "visible": true,
                      "w": 0,
                      "x": 0,
                      "y": 0,
                      "zIndex": 0,
                    },
                    "Element-15": Object {
                      "active": false,
                      "alpha": 1,
                      "attached": true,
                      "boundsMargin": null,
                      "clipping": false,
                      "color": 4294967295,
                      "enabled": true,
                      "flex": false,
                      "flexItem": true,
                      "h": 40,
                      "isComponent": undefined,
                      "mount": 0,
                      "mountX": 0,
                      "mountY": 0,
                      "pivot": 0.5,
                      "pivotX": 0.5,
                      "pivotY": 0.5,
                      "ref": null,
                      "renderOfScreen": undefined,
                      "renderToTexture": false,
                      "scale": 1,
                      "scaleX": 1,
                      "scaleY": 1,
                      "state": undefined,
                      "tag": [Function],
                      "texture": Object {
                        "fontFace": "XfinityStandardMedium",
                        "fontSize": 24,
                        "h": 40,
                        "lineHeight": 36,
                        "text": "description",
                        "textColor": 3439329279,
                        "type": "TextTexture",
                        "verticalAlign": "middle",
                      },
                      "visible": true,
                      "w": 0,
                      "x": 0,
                      "y": 0,
                      "zIndex": 0,
                    },
                  },
                  "clipping": false,
                  "color": 4294967295,
                  "enabled": true,
                  "flex": true,
                  "flexItem": true,
                  "h": 0,
                  "hasFinalFocus": false,
                  "hasFocus": false,
                  "isComponent": true,
                  "mount": 0,
                  "mountX": 0,
                  "mountY": 0,
                  "pivot": 0.5,
                  "pivotX": 0.5,
                  "pivotY": 0.5,
                  "ref": "Description",
                  "renderOfScreen": undefined,
                  "renderToTexture": false,
                  "scale": 1,
                  "scaleX": 1,
                  "scaleY": 1,
                  "state": "",
                  "tag": [Function],
                  "tags": Array [
                    "Description",
                  ],
                  "type": "InlineContent",
                  "visible": true,
                  "w": 424,
                  "x": 0,
                  "y": 0,
                  "zIndex": 0,
                },
                "Title": Object {
                  "active": false,
                  "alpha": 0.001,
                  "attached": true,
                  "boundsMargin": null,
                  "clipping": false,
                  "color": 4294967295,
                  "enabled": true,
                  "flex": false,
                  "flexItem": true,
                  "h": 0,
                  "hasFinalFocus": false,
                  "hasFocus": false,
                  "isComponent": true,
                  "mount": 0,
                  "mountX": 0,
                  "mountY": 0,
                  "pivot": 0.5,
                  "pivotX": 0.5,
                  "pivotY": 0.5,
                  "ref": "Title",
                  "renderOfScreen": undefined,
                  "renderToTexture": false,
                  "scale": 1,
                  "scaleX": 1,
                  "scaleY": 1,
                  "state": "",
                  "tag": [Function],
                  "tags": Array [
                    "Title",
                  ],
                  "texture": Object {
                    "fontFace": "XfinityBrownBold",
                    "fontSize": 28,
                    "letterSpacing": -0.2,
                    "lineHeight": 36,
                    "text": "Title",
                    "type": "TextTexture",
                    "verticalAlign": "middle",
                    "wordWrapWidth": 424,
                  },
                  "type": "TextBox",
                  "visible": true,
                  "w": 0,
                  "x": 0,
                  "y": 0,
                  "zIndex": 0,
                },
              },
              "clipping": false,
              "color": 4294967295,
              "enabled": true,
              "flex": true,
              "flexItem": true,
              "h": 0,
              "isComponent": undefined,
              "mount": 0,
              "mountX": 0,
              "mountY": 0,
              "pivot": 0.5,
              "pivotX": 0.5,
              "pivotY": 0.5,
              "ref": "Text",
              "renderOfScreen": undefined,
              "renderToTexture": false,
              "scale": 1,
              "scaleX": 1,
              "scaleY": 1,
              "state": undefined,
              "tag": [Function],
              "tags": Array [
                "Text",
              ],
              "visible": true,
              "w": 0,
              "x": 0,
              "y": 0,
              "zIndex": 0,
            },
          },
          "clipping": false,
          "color": 4294967295,
          "enabled": true,
          "flex": true,
          "flexItem": true,
          "h": 0,
          "isComponent": undefined,
          "mount": 0,
          "mountX": 0,
          "mountY": 0,
          "pivot": 0.5,
          "pivotX": 0.5,
          "pivotY": 0.5,
          "ref": "Content",
          "renderOfScreen": undefined,
          "renderToTexture": false,
          "scale": 1,
          "scaleX": 1,
          "scaleY": 1,
          "state": undefined,
          "tag": [Function],
          "tags": Array [
            "Content",
          ],
          "visible": true,
          "w": 0,
          "x": 24,
          "y": 24,
          "zIndex": 0,
        },
      },
      "clipping": true,
      "color": "ff232328",
      "enabled": true,
      "flex": false,
      "flexItem": false,
      "h": 112,
      "isComponent": undefined,
      "mount": 0,
      "mountX": 0,
      "mountY": 0,
      "pivot": 0.5,
      "pivotX": 0.5,
      "pivotY": 0.5,
      "ref": "Container",
      "renderOfScreen": undefined,
      "renderToTexture": false,
      "scale": 0.4,
      "scaleX": 0.4,
      "scaleY": 0.4,
      "state": undefined,
      "tag": [Function],
      "tags": Array [
        "Container",
      ],
      "texture": Object {
        "type": "RectangleTexture",
      },
      "visible": true,
      "w": 112,
      "x": 448,
      "y": 0,
      "zIndex": 0,
    },
  },
}
`;
