// Jest Snapshot v1, https://goo.gl/fbAQLP

exports[`Info renders 1`] = `
Object {
  "Component": Object {
    "DataItem": Object {
      "active": false,
      "alpha": 1,
      "attached": true,
      "boundsMargin": null,
      "children": Object {
        "Background": Object {
          "active": false,
          "alpha": 1,
          "attached": true,
          "boundsMargin": null,
          "clipping": false,
          "color": "7a232328",
          "enabled": true,
          "flex": false,
          "flexItem": false,
          "h": 200,
          "isComponent": undefined,
          "mount": 0,
          "mountX": 0,
          "mountY": 0,
          "pivot": 0.5,
          "pivotX": 0.5,
          "pivotY": 0.5,
          "ref": "Background",
          "renderOfScreen": undefined,
          "renderToTexture": false,
          "scale": 1,
          "scaleX": 1,
          "scaleY": 1,
          "state": undefined,
          "tag": [Function],
          "tags": Array [
            "Background",
          ],
          "texture": Object {
            "type": "RectangleTexture",
          },
          "visible": true,
          "w": 410,
          "x": 0,
          "y": 0,
          "zIndex": 2,
        },
        "Content": Object {
          "active": false,
          "alpha": 1,
          "attached": true,
          "boundsMargin": null,
          "children": Object {
            "Description": Object {
              "active": false,
              "alpha": 1,
              "attached": true,
              "boundsMargin": null,
              "clipping": false,
              "color": 4294967295,
              "enabled": true,
              "flex": false,
              "flexItem": true,
              "h": 0,
              "isComponent": undefined,
              "mount": 0,
              "mountX": 0,
              "mountY": 0,
              "pivot": 0.5,
              "pivotX": 0.5,
              "pivotY": 0.5,
              "ref": "Description",
              "renderOfScreen": undefined,
              "renderToTexture": false,
              "scale": 1,
              "scaleX": 1,
              "scaleY": 1,
              "state": undefined,
              "tag": [Function],
              "tags": Array [
                "Description",
              ],
              "texture": Object {
                "fontFace": "XfinityStandardMedium",
                "fontSize": 24,
                "lineHeight": 32,
                "text": "This is a description of episode 2 from Season 5 of Series Title",
                "textColor": 3439329279,
                "type": "TextTexture",
                "verticalAlign": "middle",
                "wordWrapWidth": 378,
              },
              "visible": true,
              "w": 0,
              "x": 0,
              "y": 0,
              "zIndex": 0,
            },
            "Subtitle": Object {
              "active": false,
              "alpha": 1,
              "attached": true,
              "boundsMargin": null,
              "clipping": false,
              "color": 4294967295,
              "enabled": true,
              "flex": false,
              "flexItem": true,
              "h": 0,
              "isComponent": undefined,
              "mount": 0,
              "mountX": 0,
              "mountY": 0,
              "pivot": 0.5,
              "pivotX": 0.5,
              "pivotY": 0.5,
              "ref": "Subtitle",
              "renderOfScreen": undefined,
              "renderToTexture": false,
              "scale": 1,
              "scaleX": 1,
              "scaleY": 1,
              "state": undefined,
              "tag": [Function],
              "tags": Array [
                "Subtitle",
              ],
              "texture": Object {
                "fontFace": "XfinityBrownBold",
                "fontSize": 28,
                "letterSpacing": -0.2,
                "lineHeight": 40,
                "text": "Season 5 - Info 2",
                "textColor": 4076863487,
                "type": "TextTexture",
                "verticalAlign": "middle",
                "wordWrapWidth": 378,
              },
              "visible": true,
              "w": 0,
              "x": 0,
              "y": 0,
              "zIndex": 0,
            },
            "Title": Object {
              "active": false,
              "alpha": 1,
              "attached": true,
              "boundsMargin": null,
              "clipping": false,
              "color": 4294967295,
              "enabled": true,
              "flex": false,
              "flexItem": true,
              "h": 0,
              "isComponent": undefined,
              "mount": 0,
              "mountX": 0,
              "mountY": 0,
              "pivot": 0.5,
              "pivotX": 0.5,
              "pivotY": 0.5,
              "ref": "Title",
              "renderOfScreen": undefined,
              "renderToTexture": false,
              "scale": 1,
              "scaleX": 1,
              "scaleY": 1,
              "state": undefined,
              "tag": [Function],
              "tags": Array [
                "Title",
              ],
              "texture": Object {
                "fontFace": "XfinityBrownBold",
                "fontSize": 36,
                "letterSpacing": -0.2,
                "lineHeight": 48,
                "text": "Series Title",
                "type": "TextTexture",
                "verticalAlign": "middle",
                "wordWrapWidth": 378,
              },
              "visible": true,
              "w": 0,
              "x": 0,
              "y": 0,
              "zIndex": 0,
            },
          },
          "clipping": false,
          "color": 4294967295,
          "enabled": true,
          "flex": true,
          "flexItem": true,
          "h": 168,
          "isComponent": undefined,
          "mount": 0,
          "mountX": 0,
          "mountY": 0,
          "pivot": 0.5,
          "pivotX": 0.5,
          "pivotY": 0.5,
          "ref": "Content",
          "renderOfScreen": undefined,
          "renderToTexture": false,
          "scale": 1,
          "scaleX": 1,
          "scaleY": 1,
          "state": undefined,
          "tag": [Function],
          "tags": Array [
            "Content",
          ],
          "visible": true,
          "w": 378,
          "x": 16,
          "y": 16,
          "zIndex": 3,
        },
        "FocusRing": Object {
          "active": false,
          "alpha": 1,
          "attached": true,
          "boundsMargin": null,
          "children": Object {
            "Ring": Object {
              "active": false,
              "alpha": 0.001,
              "attached": true,
              "boundsMargin": null,
              "clipping": false,
              "color": 4294967295,
              "enabled": true,
              "flex": false,
              "flexItem": false,
              "h": 0,
              "isComponent": undefined,
              "mount": 0.5,
              "mountX": 0.5,
              "mountY": 0.5,
              "pivot": 0.5,
              "pivotX": 0.5,
              "pivotY": 0.5,
              "ref": "Ring",
              "renderOfScreen": undefined,
              "renderToTexture": false,
              "scale": 1,
              "scaleX": 1,
              "scaleY": 1,
              "state": undefined,
              "tag": [Function],
              "tags": Array [
                "Ring",
              ],
              "texture": Object {
                "type": "StaticCanvasTexture",
              },
              "visible": true,
              "w": 0,
              "x": 0,
              "y": 0,
              "zIndex": 0,
            },
          },
          "clipping": false,
          "color": 4125945074,
          "colorBl": "8aececf2",
          "colorBr": "14ffffff",
          "colorUl": "f5ececf2",
          "colorUr": "8aececf2",
          "enabled": true,
          "flex": false,
          "flexItem": false,
          "h": 200,
          "hasFinalFocus": false,
          "hasFocus": false,
          "isComponent": true,
          "mount": 0,
          "mountX": 0,
          "mountY": 0,
          "pivot": 0.5,
          "pivotX": 0.5,
          "pivotY": 0.5,
          "ref": "FocusRing",
          "renderOfScreen": undefined,
          "renderToTexture": false,
          "scale": 1,
          "scaleX": 1,
          "scaleY": 1,
          "state": "",
          "tag": [Function],
          "tags": Array [
            "FocusRing",
          ],
          "type": "FocusRing",
          "visible": true,
          "w": 410,
          "x": 0,
          "y": 0,
          "zIndex": 1,
        },
      },
      "clipping": false,
      "color": 4294967295,
      "enabled": true,
      "flex": false,
      "flexItem": false,
      "h": 200,
      "hasFinalFocus": true,
      "hasFocus": true,
      "isComponent": true,
      "mount": 0,
      "mountX": 0,
      "mountY": 0,
      "pivot": 0.5,
      "pivotX": 0.5,
      "pivotY": 0.5,
      "ref": "DataItem",
      "renderOfScreen": undefined,
      "renderToTexture": false,
      "scale": 1,
      "scaleX": 1,
      "scaleY": 1,
      "state": "",
      "tag": [Function],
      "tags": Array [
        "DataItem",
      ],
      "type": "DataItem",
      "visible": true,
      "w": 410,
      "x": 0,
      "y": 0,
      "zIndex": 0,
    },
  },
}
`;
