// Jest Snapshot v1, https://goo.gl/fbAQLP

exports[`withMetadata renders 1`] = `
Object {
  "Component": Object {
    "FocusRing": Object {
      "active": false,
      "alpha": 1,
      "attached": true,
      "boundsMargin": null,
      "children": Object {
        "Ring": Object {
          "active": false,
          "alpha": 1,
          "attached": true,
          "boundsMargin": null,
          "clipping": false,
          "color": 4294967295,
          "enabled": true,
          "flex": false,
          "flexItem": false,
          "h": 0,
          "isComponent": undefined,
          "mount": 0.5,
          "mountX": 0.5,
          "mountY": 0.5,
          "pivot": 0.5,
          "pivotX": 0.5,
          "pivotY": 0.5,
          "ref": "Ring",
          "renderOfScreen": undefined,
          "renderToTexture": false,
          "scale": 1,
          "scaleX": 1,
          "scaleY": 1,
          "state": undefined,
          "tag": [Function],
          "tags": Array [
            "Ring",
          ],
          "texture": Object {
            "type": "StaticCanvasTexture",
          },
          "visible": true,
          "w": 0,
          "x": 0,
          "y": 0,
          "zIndex": 0,
        },
      },
      "clipping": false,
      "color": 4294375161,
      "colorBl": "99f6f6f9",
      "colorBr": "26f6f6f9",
      "colorUl": "fff6f6f9",
      "colorUr": "99f6f6f9",
      "enabled": true,
      "flex": false,
      "flexItem": false,
      "h": 0,
      "hasFinalFocus": false,
      "hasFocus": false,
      "isComponent": true,
      "mount": 0,
      "mountX": 0,
      "mountY": 0,
      "pivot": 0.5,
      "pivotX": 0.5,
      "pivotY": 0.5,
      "ref": "FocusRing",
      "renderOfScreen": undefined,
      "renderToTexture": false,
      "scale": 1,
      "scaleX": 1,
      "scaleY": 1,
      "state": "",
      "tag": [Function],
      "tags": Array [
        "FocusRing",
      ],
      "type": "FocusRing",
      "visible": true,
      "w": 0,
      "x": 0,
      "y": 0,
      "zIndex": 10,
    },
    "Item": Object {
      "active": false,
      "alpha": 1,
      "attached": true,
      "boundsMargin": null,
      "children": Object {
        "Image": Object {
          "active": false,
          "alpha": 1,
          "attached": true,
          "boundsMargin": null,
          "clipping": false,
          "color": 4294967295,
          "enabled": true,
          "flex": false,
          "flexItem": false,
          "h": 0,
          "isComponent": undefined,
          "mount": 0,
          "mountX": 0,
          "mountY": 0,
          "pivot": 0.5,
          "pivotX": 0.5,
          "pivotY": 0.5,
          "ref": "Image",
          "renderOfScreen": undefined,
          "renderToTexture": true,
          "scale": 1,
          "scaleX": 1,
          "scaleY": 1,
          "state": undefined,
          "tag": [Function],
          "tags": Array [
            "Image",
          ],
          "texture": Object {
            "type": "ImageTexture",
          },
          "visible": true,
          "w": 0,
          "x": 0,
          "y": 0,
          "zIndex": 2,
        },
      },
      "clipping": false,
      "color": 4294967295,
      "enabled": true,
      "flex": false,
      "flexItem": false,
      "h": 0,
      "isComponent": undefined,
      "mount": 0,
      "mountX": 0,
      "mountY": 0,
      "pivot": 0.5,
      "pivotX": 0.5,
      "pivotY": 0.5,
      "ref": "Item",
      "renderOfScreen": undefined,
      "renderToTexture": false,
      "scale": 1,
      "scaleX": 1,
      "scaleY": 1,
      "state": undefined,
      "tag": [Function],
      "tags": Array [
        "Item",
      ],
      "visible": true,
      "w": 0,
      "x": 0,
      "y": 0,
      "zIndex": 0,
    },
  },
}
`;
