// Jest Snapshot v1, https://goo.gl/fbAQLP

exports[`Tooltip renders 1`] = `
Object {
  "Component": Object {
    "Background": Object {
      "active": true,
      "alpha": 1,
      "attached": true,
      "boundsMargin": null,
      "children": Object {
        "Text": Object {
          "active": true,
          "alpha": 1,
          "attached": true,
          "boundsMargin": null,
          "children": Object {
            "Text": Object {
              "active": true,
              "alpha": 1,
              "attached": true,
              "boundsMargin": null,
              "clipping": false,
              "color": 4294967295,
              "enabled": true,
              "flex": false,
              "flexItem": false,
              "h": 0,
              "isComponent": undefined,
              "mount": 0,
              "mountX": 0,
              "mountY": 0,
              "pivot": 0.5,
              "pivotX": 0.5,
              "pivotY": 0.5,
              "ref": "Text",
              "renderOfScreen": undefined,
              "renderToTexture": false,
              "scale": 1,
              "scaleX": 1,
              "scaleY": 1,
              "state": undefined,
              "tag": [Function],
              "tags": Array [
                "Text",
              ],
              "texture": Object {
                "fontFace": "DMSansBold",
                "fontSize": 20,
                "lineHeight": 24,
                "maxLines": undefined,
                "maxLinesSuffix": "...",
                "text": "Tooltip",
                "textBaseline": "bottom",
                "textColor": 4279505943,
                "textOverflow": "ellipsis",
                "type": "TextTexture",
                "verticalAlign": "middle",
                "wordWrapWidth": undefined,
              },
              "visible": true,
              "w": 0,
              "x": 0,
              "y": 2,
              "zIndex": 0,
            },
          },
          "clipping": false,
          "color": 4294967295,
          "enabled": true,
          "flex": false,
          "flexItem": false,
          "h": 24,
          "hasFinalFocus": false,
          "hasFocus": false,
          "isComponent": true,
          "mount": 0.5,
          "mountX": 0.5,
          "mountY": 0.5,
          "pivot": 0.5,
          "pivotX": 0.5,
          "pivotY": 0.5,
          "ref": "Text",
          "renderOfScreen": undefined,
          "renderToTexture": false,
          "scale": 1,
          "scaleX": 1,
          "scaleY": 1,
          "state": "",
          "tag": [Function],
          "tags": Array [
            "Text",
          ],
          "type": "TextBox",
          "visible": true,
          "w": 7,
          "x": 19.5,
          "y": 20,
          "zIndex": 0,
        },
      },
      "clipping": false,
      "color": 4294967295,
      "enabled": true,
      "flex": false,
      "flexItem": false,
      "h": 52,
      "isComponent": undefined,
      "mount": 0,
      "mountX": 0,
      "mountY": 0,
      "pivot": 0.5,
      "pivotX": 0.5,
      "pivotY": 0.5,
      "ref": "Background",
      "renderOfScreen": undefined,
      "renderToTexture": false,
      "scale": 1,
      "scaleX": 1,
      "scaleY": 1,
      "state": undefined,
      "tag": [Function],
      "tags": Array [
        "Background",
      ],
      "texture": Object {
        "h": 52,
        "type": "Bubble",
        "w": 39,
      },
      "visible": true,
      "w": 39,
      "x": 0,
      "y": 0,
      "zIndex": 0,
    },
  },
}
`;
