// Jest Snapshot v1, https://goo.gl/fbAQLP

exports[`Tooltip renders 1`] = `
Object {
  "Component": Object {
    "Background": Object {
      "active": false,
      "alpha": 1,
      "attached": true,
      "boundsMargin": null,
      "clipping": false,
      "color": 4294967295,
      "enabled": false,
      "flex": false,
      "flexItem": false,
      "h": 0,
      "isComponent": undefined,
      "mount": 0,
      "mountX": 0,
      "mountY": 0,
      "pivot": 0.5,
      "pivotX": 0.5,
      "pivotY": 0.5,
      "ref": "Background",
      "renderOfScreen": undefined,
      "renderToTexture": false,
      "scale": 1,
      "scaleX": 1,
      "scaleY": 1,
      "state": undefined,
      "tag": [Function],
      "tags": Array [
        "Background",
      ],
      "visible": true,
      "w": 0,
      "x": 0,
      "y": 0,
      "zIndex": 2,
    },
    "Text": Object {
      "active": false,
      "alpha": 1,
      "attached": true,
      "boundsMargin": null,
      "clipping": false,
      "color": 4294967295,
      "enabled": false,
      "flex": false,
      "flexItem": false,
      "h": 0,
      "isComponent": undefined,
      "mount": 0,
      "mountX": 0,
      "mountY": 0,
      "pivot": 0.5,
      "pivotX": 0.5,
      "pivotY": 0.5,
      "ref": "Text",
      "renderOfScreen": undefined,
      "renderToTexture": false,
      "scale": 1,
      "scaleX": 1,
      "scaleY": 1,
      "state": undefined,
      "tag": [Function],
      "tags": Array [
        "Text",
      ],
      "texture": Object {
        "fontFace": "XfinityStandardMedium",
        "fontSize": 24,
        "lineHeight": 32,
        "text": "Tooltip",
        "textAlign": "center",
        "textColor": 4060086272,
        "type": "TextTexture",
        "verticalAlign": "middle",
        "wordWrapWidth": 400,
      },
      "visible": true,
      "w": 0,
      "x": 16,
      "y": 0,
      "zIndex": 3,
    },
  },
}
`;
