// Jest Snapshot v1, https://goo.gl/fbAQLP

exports[`BoardRow renders 1`] = `
Object {
  "Component": Object {
    "Container": Object {
      "active": false,
      "alpha": 1,
      "attached": true,
      "boundsMargin": null,
      "children": Object {
        "Layout": Object {
          "active": false,
          "alpha": 1,
          "attached": true,
          "boundsMargin": null,
          "children": Object {
            "Items": Object {
              "active": false,
              "alpha": 1,
              "attached": true,
              "boundsMargin": null,
              "children": Object {
                "Element-6": Object {
                  "active": false,
                  "alpha": 1,
                  "attached": true,
                  "boundsMargin": null,
                  "children": Object {
                    "Artwork": Object {
                      "active": false,
                      "alpha": 1,
                      "attached": true,
                      "boundsMargin": null,
                      "children": Object {
                        "Image": Object {
                          "active": false,
                          "alpha": 1,
                          "attached": true,
                          "boundsMargin": null,
                          "clipping": false,
                          "color": 4294967295,
                          "enabled": true,
                          "flex": false,
                          "flexItem": false,
                          "h": 0,
                          "isComponent": undefined,
                          "mount": 0,
                          "mountX": 0,
                          "mountY": 0,
                          "pivot": 0.5,
                          "pivotX": 0.5,
                          "pivotY": 0.5,
                          "ref": "Image",
                          "renderOfScreen": undefined,
                          "renderToTexture": false,
                          "scale": 1,
                          "scaleX": 1,
                          "scaleY": 1,
                          "state": undefined,
                          "tag": [Function],
                          "tags": Array [
                            "Image",
                          ],
                          "texture": Object {
                            "type": "ImageTexture",
                          },
                          "visible": true,
                          "w": 0,
                          "x": 0,
                          "y": 0,
                          "zIndex": 0,
                        },
                      },
                      "clipping": false,
                      "color": 4294967295,
                      "enabled": true,
                      "flex": false,
                      "flexItem": false,
                      "h": 0,
                      "hasFinalFocus": false,
                      "hasFocus": false,
                      "isComponent": true,
                      "mount": 0,
                      "mountX": 0,
                      "mountY": 0,
                      "pivot": 0.5,
                      "pivotX": 0.5,
                      "pivotY": 0.5,
                      "ref": "Artwork",
                      "renderOfScreen": undefined,
                      "renderToTexture": false,
                      "scale": 1,
                      "scaleX": 1,
                      "scaleY": 1,
                      "state": "",
                      "tag": [Function],
                      "tags": Array [
                        "Artwork",
                      ],
                      "type": "CardArtworkWithBadgeProgress",
                      "visible": true,
                      "w": 0,
                      "x": 24,
                      "y": 16,
                      "zIndex": 0,
                    },
                    "Background": Object {
                      "active": false,
                      "alpha": 1,
                      "attached": true,
                      "boundsMargin": null,
                      "clipping": false,
                      "color": 4294967295,
                      "enabled": true,
                      "flex": false,
                      "flexItem": false,
                      "h": 0,
                      "isComponent": undefined,
                      "mount": 0,
                      "mountX": 0,
                      "mountY": 0,
                      "pivot": 0.5,
                      "pivotX": 0.5,
                      "pivotY": 0.5,
                      "ref": "Background",
                      "renderOfScreen": undefined,
                      "renderToTexture": false,
                      "scale": 1,
                      "scaleX": 1,
                      "scaleY": 1,
                      "state": undefined,
                      "tag": [Function],
                      "tags": Array [
                        "Background",
                      ],
                      "texture": Object {
                        "type": "StaticCanvasTexture",
                      },
                      "visible": true,
                      "w": 0,
                      "x": 0,
                      "y": 0,
                      "zIndex": 0,
                    },
                    "FocusRing": Object {
                      "active": false,
                      "alpha": 1,
                      "attached": true,
                      "boundsMargin": null,
                      "children": Object {
                        "Ring": Object {
                          "active": false,
                          "alpha": 1,
                          "attached": true,
                          "boundsMargin": null,
                          "clipping": false,
                          "color": 4294967295,
                          "enabled": true,
                          "flex": false,
                          "flexItem": false,
                          "h": 0,
                          "isComponent": undefined,
                          "mount": 0.5,
                          "mountX": 0.5,
                          "mountY": 0.5,
                          "pivot": 0.5,
                          "pivotX": 0.5,
                          "pivotY": 0.5,
                          "ref": "Ring",
                          "renderOfScreen": undefined,
                          "renderToTexture": false,
                          "scale": 1,
                          "scaleX": 1,
                          "scaleY": 1,
                          "state": undefined,
                          "tag": [Function],
                          "tags": Array [
                            "Ring",
                          ],
                          "texture": Object {
                            "type": "StaticCanvasTexture",
                          },
                          "visible": true,
                          "w": 0,
                          "x": 205,
                          "y": 230.625,
                          "zIndex": 0,
                        },
                      },
                      "clipping": false,
                      "color": 4125945074,
                      "colorBl": "8aececf2",
                      "colorBr": "14ffffff",
                      "colorUl": "f5ececf2",
                      "colorUr": "8aececf2",
                      "enabled": true,
                      "flex": false,
                      "flexItem": false,
                      "h": 461.25,
                      "hasFinalFocus": false,
                      "hasFocus": false,
                      "isComponent": true,
                      "mount": 0,
                      "mountX": 0,
                      "mountY": 0,
                      "pivot": 0.5,
                      "pivotX": 0.5,
                      "pivotY": 0.5,
                      "ref": "FocusRing",
                      "renderOfScreen": undefined,
                      "renderToTexture": false,
                      "scale": 1,
                      "scaleX": 1,
                      "scaleY": 1,
                      "state": "",
                      "tag": [Function],
                      "tags": Array [
                        "FocusRing",
                      ],
                      "type": "FocusRing",
                      "visible": true,
                      "w": 410,
                      "x": 0,
                      "y": 0,
                      "zIndex": 1,
                    },
                    "Metadata": Object {
                      "active": false,
                      "alpha": 1,
                      "attached": true,
                      "boundsMargin": null,
                      "children": Object {
                        "Description": Object {
                          "active": false,
                          "alpha": 0.001,
                          "attached": true,
                          "boundsMargin": null,
                          "clipping": false,
                          "color": 4294967295,
                          "enabled": true,
                          "flex": false,
                          "flexItem": true,
                          "h": 0,
                          "hasFinalFocus": false,
                          "hasFocus": false,
                          "isComponent": true,
                          "mount": 0,
                          "mountX": 0,
                          "mountY": 0,
                          "pivot": 0.5,
                          "pivotX": 0.5,
                          "pivotY": 0.5,
                          "ref": "Description",
                          "renderOfScreen": undefined,
                          "renderToTexture": false,
                          "scale": 1,
                          "scaleX": 1,
                          "scaleY": 1,
                          "state": "",
                          "tag": [Function],
                          "tags": Array [
                            "Description",
                          ],
                          "texture": Object {
                            "fontFace": "XfinityStandardMedium",
                            "fontSize": 24,
                            "lineHeight": 36,
                            "maxLines": 3,
                            "maxLinesSuffix": "...",
                            "textColor": 2583691263,
                            "type": "TextTexture",
                            "verticalAlign": "middle",
                            "wordWrapWidth": 362,
                          },
                          "type": "TextBox",
                          "visible": true,
                          "w": 0,
                          "x": 0,
                          "y": 0,
                          "zIndex": 0,
                        },
                        "Info": Object {
                          "active": false,
                          "alpha": 1,
                          "attached": true,
                          "boundsMargin": null,
                          "children": Object {
                            "Action": Object {
                              "active": false,
                              "alpha": 0.001,
                              "attached": true,
                              "boundsMargin": null,
                              "clipping": false,
                              "color": 4294967295,
                              "enabled": true,
                              "flex": false,
                              "flexItem": false,
                              "h": 0,
                              "hasFinalFocus": false,
                              "hasFocus": false,
                              "isComponent": true,
                              "mount": 0,
                              "mountX": 0,
                              "mountY": 0,
                              "pivot": 0.5,
                              "pivotX": 0.5,
                              "pivotY": 0.5,
                              "ref": "Action",
                              "renderOfScreen": undefined,
                              "renderToTexture": false,
                              "scale": 1,
                              "scaleX": 1,
                              "scaleY": 1,
                              "state": "",
                              "tag": [Function],
                              "tags": Array [
                                "Action",
                              ],
                              "texture": Object {
                                "fontFace": "XfinityStandardMedium",
                                "fontSize": 28,
                                "lineHeight": 40,
                                "maxLines": 1,
                                "maxLinesSuffix": "...",
                                "textColor": 4076863487,
                                "type": "TextTexture",
                                "verticalAlign": "middle",
                              },
                              "type": "TextBox",
                              "visible": true,
                              "w": 0,
                              "x": 0,
                              "y": 0,
                              "zIndex": 0,
                            },
                            "Data": Object {
                              "active": false,
                              "alpha": 1,
                              "attached": true,
                              "boundsMargin": null,
                              "clipping": false,
                              "color": 4294967295,
                              "enabled": true,
                              "flex": false,
                              "flexItem": false,
                              "h": 0,
                              "hasFinalFocus": false,
                              "hasFocus": false,
                              "isComponent": true,
                              "mount": 0,
                              "mountX": 0,
                              "mountY": 0,
                              "pivot": 0.5,
                              "pivotX": 0.5,
                              "pivotY": 0.5,
                              "ref": "Data",
                              "renderOfScreen": undefined,
                              "renderToTexture": false,
                              "scale": 1,
                              "scaleX": 1,
                              "scaleY": 1,
                              "state": "",
                              "tag": [Function],
                              "tags": Array [
                                "Data",
                              ],
                              "type": "InlineContent",
                              "visible": true,
                              "w": 200,
                              "x": 0,
                              "y": 0,
                              "zIndex": 0,
                            },
                            "Logo": Object {
                              "active": false,
                              "alpha": 1,
                              "attached": true,
                              "boundsMargin": null,
                              "clipping": false,
                              "color": 4294967295,
                              "enabled": true,
                              "flex": false,
                              "flexItem": false,
                              "h": 32,
                              "hasFinalFocus": false,
                              "hasFocus": false,
                              "isComponent": true,
                              "mount": 0,
                              "mountX": 0,
                              "mountY": 0,
                              "pivot": 0.5,
                              "pivotX": 0.5,
                              "pivotY": 0.5,
                              "ref": "Logo",
                              "renderOfScreen": undefined,
                              "renderToTexture": false,
                              "scale": 1,
                              "scaleX": 1,
                              "scaleY": 1,
                              "state": "",
                              "tag": [Function],
                              "tags": Array [
                                "Logo",
                              ],
                              "texture": Object {
                                "type": "ImageTexture",
                              },
                              "type": "Icon",
                              "visible": true,
                              "w": NaN,
                              "x": 0,
                              "y": 4,
                              "zIndex": 0,
                            },
                          },
                          "clipping": false,
                          "color": 4294967295,
                          "enabled": true,
                          "flex": false,
                          "flexItem": false,
                          "h": 0,
                          "isComponent": undefined,
                          "mount": 0,
                          "mountX": 0,
                          "mountY": 0,
                          "pivot": 0.5,
                          "pivotX": 0.5,
                          "pivotY": 0.5,
                          "ref": "Info",
                          "renderOfScreen": undefined,
                          "renderToTexture": false,
                          "scale": 1,
                          "scaleX": 1,
                          "scaleY": 1,
                          "state": undefined,
                          "tag": [Function],
                          "tags": Array [
                            "Info",
                          ],
                          "visible": true,
                          "w": 0,
                          "x": 0,
                          "y": 393.25,
                          "zIndex": 0,
                        },
                        "Title": Object {
                          "active": false,
                          "alpha": 0.001,
                          "attached": true,
                          "boundsMargin": null,
                          "clipping": false,
                          "color": 4294967295,
                          "enabled": true,
                          "flex": false,
                          "flexItem": true,
                          "h": 0,
                          "hasFinalFocus": false,
                          "hasFocus": false,
                          "isComponent": true,
                          "mount": 0,
                          "mountX": 0,
                          "mountY": 0,
                          "pivot": 0.5,
                          "pivotX": 0.5,
                          "pivotY": 0.5,
                          "ref": "Title",
                          "renderOfScreen": undefined,
                          "renderToTexture": false,
                          "scale": 1,
                          "scaleX": 1,
                          "scaleY": 1,
                          "state": "",
                          "tag": [Function],
                          "tags": Array [
                            "Title",
                          ],
                          "texture": Object {
                            "fontFace": "XfinityBrownBold",
                            "fontSize": 36,
                            "letterSpacing": -0.2,
                            "lineHeight": 34,
                            "maxLines": 2,
                            "maxLinesSuffix": "...",
                            "textColor": 4076863487,
                            "type": "TextTexture",
                            "verticalAlign": "middle",
                            "wordWrapWidth": 362,
                          },
                          "type": "TextBox",
                          "visible": true,
                          "w": 0,
                          "x": 0,
                          "y": 0,
                          "zIndex": 0,
                        },
                      },
                      "clipping": false,
                      "color": 4294967295,
                      "enabled": true,
                      "flex": true,
                      "flexItem": true,
                      "h": 429.25,
                      "hasFinalFocus": false,
                      "hasFocus": false,
                      "isComponent": true,
                      "mount": 0,
                      "mountX": 0,
                      "mountY": 0,
                      "pivot": 0.5,
                      "pivotX": 0.5,
                      "pivotY": 0.5,
                      "ref": "Metadata",
                      "renderOfScreen": undefined,
                      "renderToTexture": false,
                      "scale": 1,
                      "scaleX": 1,
                      "scaleY": 1,
                      "state": "",
                      "tag": [Function],
                      "tags": Array [
                        "Metadata",
                      ],
                      "type": "Metadata",
                      "visible": true,
                      "w": 362,
                      "x": 24,
                      "y": 16,
                      "zIndex": 0,
                    },
                  },
                  "clipping": false,
                  "color": 4294967295,
                  "enabled": true,
                  "flex": false,
                  "flexItem": false,
                  "h": 461.25,
                  "hasFinalFocus": true,
                  "hasFocus": true,
                  "isComponent": true,
                  "mount": 0,
                  "mountX": 0,
                  "mountY": 0,
                  "pivot": 0.5,
                  "pivotX": 0.5,
                  "pivotY": 0.5,
                  "ref": null,
                  "renderOfScreen": undefined,
                  "renderToTexture": false,
                  "scale": 1,
                  "scaleX": 1,
                  "scaleY": 1,
                  "state": "",
                  "tag": [Function],
                  "type": "VerticalCardDynamic",
                  "visible": true,
                  "w": 410,
                  "x": 0,
                  "y": 0,
                  "zIndex": 0,
                },
              },
              "clipping": false,
              "color": 4294967295,
              "enabled": true,
              "flex": false,
              "flexItem": false,
              "h": 461.25,
              "isComponent": undefined,
              "mount": 0,
              "mountX": 0,
              "mountY": 0,
              "pivot": 0.5,
              "pivotX": 0.5,
              "pivotY": 0.5,
              "ref": "Items",
              "renderOfScreen": undefined,
              "renderToTexture": false,
              "scale": 1,
              "scaleX": 1,
              "scaleY": 1,
              "state": undefined,
              "tag": [Function],
              "tags": Array [
                "Items",
              ],
              "visible": true,
              "w": 410,
              "x": 0,
              "y": 0,
              "zIndex": 0,
            },
          },
          "clipping": false,
          "color": 4294967295,
          "enabled": true,
          "flex": false,
          "flexItem": false,
          "h": 0,
          "hasFinalFocus": false,
          "hasFocus": true,
          "isComponent": true,
          "mount": 0,
          "mountX": 0,
          "mountY": 0,
          "pivot": 0.5,
          "pivotX": 0.5,
          "pivotY": 0.5,
          "ref": "Layout",
          "renderOfScreen": undefined,
          "renderToTexture": false,
          "scale": 1,
          "scaleX": 1,
          "scaleY": 1,
          "state": "Row",
          "tag": [Function],
          "tags": Array [
            "Layout",
          ],
          "type": "Row",
          "visible": true,
          "w": 1920,
          "x": 0,
          "y": 0,
          "zIndex": 0,
        },
      },
      "clipping": false,
      "color": 4294967295,
      "enabled": true,
      "flex": false,
      "flexItem": false,
      "h": 0,
      "hasFinalFocus": false,
      "hasFocus": true,
      "isComponent": true,
      "mount": 0,
      "mountX": 0,
      "mountY": 0,
      "pivot": 0.5,
      "pivotX": 0.5,
      "pivotY": 0.5,
      "ref": "Container",
      "renderOfScreen": undefined,
      "renderToTexture": false,
      "scale": 1,
      "scaleX": 1,
      "scaleY": 1,
      "state": "",
      "tag": [Function],
      "tags": Array [
        "Container",
      ],
      "type": "type",
      "visible": true,
      "w": 0,
      "x": 0,
      "y": 0,
      "zIndex": 0,
    },
  },
}
`;
