// Jest Snapshot v1, https://goo.gl/fbAQLP

exports[`Column should render 1`] = `
Object {
  "Component": Object {
    "Element-3": Object {
      "active": false,
      "alpha": 1,
      "attached": true,
      "boundsMargin": null,
      "children": Object {
        "Items": Object {
          "active": false,
          "alpha": 1,
          "attached": true,
          "boundsMargin": null,
          "children": Object {
            "Element-18": Object {
              "active": false,
              "alpha": 1,
              "attached": true,
              "boundsMargin": null,
              "clipping": false,
              "color": 4294967295,
              "enabled": true,
              "flex": false,
              "flexItem": false,
              "h": 80,
              "hasFinalFocus": true,
              "hasFocus": true,
              "id": 18,
              "isComponent": true,
              "mount": 0,
              "mountX": 0,
              "mountY": 0,
              "pivot": 0.5,
              "pivotX": 0.5,
              "pivotY": 0.5,
              "ref": null,
              "renderOfScreen": undefined,
              "renderToTexture": false,
              "scale": 1,
              "scaleX": 1,
              "scaleY": 1,
              "state": "",
              "tag": [Function],
              "type": "Component",
              "visible": true,
              "w": 80,
              "x": 0,
              "y": 0,
              "zIndex": 0,
            },
            "Element-19": Object {
              "active": false,
              "alpha": 1,
              "attached": true,
              "boundsMargin": null,
              "clipping": false,
              "color": 4294967295,
              "enabled": true,
              "flex": false,
              "flexItem": false,
              "h": 80,
              "hasFinalFocus": false,
              "hasFocus": false,
              "id": 19,
              "isComponent": true,
              "mount": 0,
              "mountX": 0,
              "mountY": 0,
              "pivot": 0.5,
              "pivotX": 0.5,
              "pivotY": 0.5,
              "ref": null,
              "renderOfScreen": undefined,
              "renderToTexture": false,
              "scale": 1,
              "scaleX": 1,
              "scaleY": 1,
              "state": "",
              "tag": [Function],
              "type": "Component",
              "visible": true,
              "w": 80,
              "x": 120,
              "y": 0,
              "zIndex": 0,
            },
            "Element-20": Object {
              "active": false,
              "alpha": 1,
              "attached": true,
              "boundsMargin": null,
              "clipping": false,
              "color": 4294967295,
              "enabled": true,
              "flex": false,
              "flexItem": false,
              "h": 80,
              "hasFinalFocus": false,
              "hasFocus": false,
              "id": 20,
              "isComponent": true,
              "mount": 0,
              "mountX": 0,
              "mountY": 0,
              "pivot": 0.5,
              "pivotX": 0.5,
              "pivotY": 0.5,
              "ref": null,
              "renderOfScreen": undefined,
              "renderToTexture": false,
              "scale": 1,
              "scaleX": 1,
              "scaleY": 1,
              "state": "",
              "tag": [Function],
              "type": "Component",
              "visible": true,
              "w": 80,
              "x": 240,
              "y": 0,
              "zIndex": 0,
            },
            "Element-21": Object {
              "active": false,
              "alpha": 1,
              "attached": true,
              "boundsMargin": null,
              "clipping": false,
              "color": 4294967295,
              "enabled": true,
              "flex": false,
              "flexItem": false,
              "h": 80,
              "hasFinalFocus": false,
              "hasFocus": false,
              "id": 21,
              "isComponent": true,
              "mount": 0,
              "mountX": 0,
              "mountY": 0,
              "pivot": 0.5,
              "pivotX": 0.5,
              "pivotY": 0.5,
              "ref": null,
              "renderOfScreen": undefined,
              "renderToTexture": false,
              "scale": 1,
              "scaleX": 1,
              "scaleY": 1,
              "state": "",
              "tag": [Function],
              "type": "Component",
              "visible": true,
              "w": 80,
              "x": 360,
              "y": 0,
              "zIndex": 0,
            },
            "Element-22": Object {
              "active": false,
              "alpha": 1,
              "attached": true,
              "boundsMargin": null,
              "clipping": false,
              "color": 4294967295,
              "enabled": true,
              "flex": false,
              "flexItem": false,
              "h": 80,
              "hasFinalFocus": false,
              "hasFocus": false,
              "id": 22,
              "isComponent": true,
              "mount": 0,
              "mountX": 0,
              "mountY": 0,
              "pivot": 0.5,
              "pivotX": 0.5,
              "pivotY": 0.5,
              "ref": null,
              "renderOfScreen": undefined,
              "renderToTexture": false,
              "scale": 1,
              "scaleX": 1,
              "scaleY": 1,
              "state": "",
              "tag": [Function],
              "type": "Component",
              "visible": true,
              "w": 80,
              "x": 480,
              "y": 0,
              "zIndex": 0,
            },
          },
          "clipping": false,
          "color": 4294967295,
          "enabled": true,
          "flex": false,
          "flexItem": false,
          "h": 0,
          "hasFinalFocus": false,
          "hasFocus": true,
          "id": 5,
          "isComponent": true,
          "mount": 0,
          "mountX": 0,
          "mountY": 0,
          "pivot": 0.5,
          "pivotX": 0.5,
          "pivotY": 0.5,
          "ref": "Items",
          "renderOfScreen": undefined,
          "renderToTexture": false,
          "scale": 1,
          "scaleX": 1,
          "scaleY": 1,
          "state": "Row",
          "tag": [Function],
          "tags": Array [
            "Items",
          ],
          "type": "Row",
          "visible": true,
          "w": 0,
          "x": 0,
          "y": 0,
          "zIndex": 0,
        },
        "Title": Object {
          "active": false,
          "alpha": 1,
          "attached": true,
          "boundsMargin": null,
          "clipping": false,
          "color": 4294967295,
          "enabled": true,
          "flex": false,
          "flexItem": false,
          "h": 0,
          "id": 4,
          "isComponent": undefined,
          "mount": 0,
          "mountX": 0,
          "mountY": 0,
          "pivot": 0.5,
          "pivotX": 0.5,
          "pivotY": 0.5,
          "ref": "Title",
          "renderOfScreen": undefined,
          "renderToTexture": false,
          "scale": 1,
          "scaleX": 1,
          "scaleY": 1,
          "state": undefined,
          "tag": [Function],
          "tags": Array [
            "Title",
          ],
          "texture": Object {
            "lineHeight": 80,
            "type": "TextTexture",
          },
          "visible": true,
          "w": 0,
          "x": 0,
          "y": 0,
          "zIndex": 0,
        },
      },
      "clipping": false,
      "color": 4294967295,
      "enabled": true,
      "flex": false,
      "flexItem": false,
      "h": 80,
      "hasFinalFocus": false,
      "hasFocus": true,
      "id": 3,
      "isComponent": true,
      "mount": 0,
      "mountX": 0,
      "mountY": 0,
      "pivot": 0.5,
      "pivotX": 0.5,
      "pivotY": 0.5,
      "ref": null,
      "renderOfScreen": undefined,
      "renderToTexture": false,
      "scale": 1,
      "scaleX": 1,
      "scaleY": 1,
      "state": "",
      "tag": [Function],
      "type": "Row",
      "visible": true,
      "w": 560,
      "x": 0,
      "y": 0,
      "zIndex": 0,
    },
  },
}
`;
