// Jest Snapshot v1, https://goo.gl/fbAQLP

exports[`Badge renders 1`] = `
Object {
  "Component": Object {
    "BadgeText": Object {
      "active": false,
      "alpha": 1,
      "attached": true,
      "boundsMargin": null,
      "clipping": false,
      "color": 4294967295,
      "enabled": false,
      "flex": false,
      "flexItem": false,
      "h": 0,
      "isComponent": undefined,
      "mount": 0,
      "mountX": 0,
      "mountY": 0,
      "pivot": 0.5,
      "pivotX": 0.5,
      "pivotY": 0.5,
      "ref": "BadgeText",
      "renderOfScreen": undefined,
      "renderToTexture": false,
      "scale": 1,
      "scaleX": 1,
      "scaleY": 1,
      "state": undefined,
      "tag": [Function],
      "tags": Array [
        "BadgeText",
      ],
      "texture": Object {
        "fontFace": "XfinityStandardBold",
        "fontSize": 20,
        "lineHeight": 24,
        "text": "undefined",
        "textAlign": "center",
        "type": "TextTexture",
        "verticalAlign": "middle",
      },
      "visible": true,
      "w": 0,
      "x": 8,
      "y": 1,
      "zIndex": 0,
    },
  },
}
`;
