// Jest Snapshot v1, https://goo.gl/fbAQLP

exports[`FocusRing should render 1`] = `
Object {
  "Component": Object {
    "Ring": Object {
      "active": false,
      "alpha": 1,
      "attached": true,
      "boundsMargin": null,
      "clipping": false,
      "color": 4294375161,
      "colorBl": "99f6f6f9",
      "colorBr": "26f6f6f9",
      "colorUl": "fff6f6f9",
      "colorUr": "99f6f6f9",
      "enabled": true,
      "flex": false,
      "flexItem": false,
      "h": 0,
      "isComponent": undefined,
      "mount": 0.5,
      "mountX": 0.5,
      "mountY": 0.5,
      "pivot": 0.5,
      "pivotX": 0.5,
      "pivotY": 0.5,
      "ref": "Ring",
      "renderOfScreen": undefined,
      "renderToTexture": false,
      "scale": 1,
      "scaleX": 1,
      "scaleY": 1,
      "state": undefined,
      "tag": [Function],
      "tags": Array [
        "Ring",
      ],
      "texture": Object {
        "type": "StaticCanvasTexture",
      },
      "visible": true,
      "w": 0,
      "x": 160,
      "y": 90,
      "zIndex": 0,
    },
  },
}
`;
