// Jest Snapshot v1, https://goo.gl/fbAQLP

exports[`Notification renders 1`] = `
Object {
  "Component": Object {
    "Container": Object {
      "active": true,
      "alpha": 0.001,
      "attached": true,
      "boundsMargin": null,
      "children": Object {
        "ActionArea": Object {
          "active": true,
          "alpha": 1,
          "attached": true,
          "boundsMargin": null,
          "children": Object {
            "Content": Object {
              "active": true,
              "alpha": 1,
              "attached": true,
              "boundsMargin": null,
              "children": Object {
                "Icon": Object {
                  "active": false,
                  "alpha": 1,
                  "attached": true,
                  "boundsMargin": null,
                  "clipping": false,
                  "color": 4294967295,
                  "enabled": true,
                  "flex": false,
                  "flexItem": false,
                  "h": 32,
                  "hasFinalFocus": false,
                  "hasFocus": false,
                  "isComponent": true,
                  "mount": 0,
                  "mountX": 0,
                  "mountY": 0,
                  "pivot": 0.5,
                  "pivotX": 0.5,
                  "pivotY": 0.5,
                  "ref": "Icon",
                  "renderOfScreen": undefined,
                  "renderToTexture": false,
                  "scale": 1,
                  "scaleX": 1,
                  "scaleY": 1,
                  "state": "",
                  "tag": [Function],
                  "tags": Array [
                    "Icon",
                  ],
                  "texture": Object {
                    "type": "ImageTexture",
                  },
                  "type": "Icon",
                  "visible": true,
                  "w": 32,
                  "x": 480,
                  "y": 0,
                  "zIndex": 0,
                },
                "Text": Object {
                  "active": true,
                  "alpha": 1,
                  "attached": true,
                  "boundsMargin": null,
                  "clipping": false,
                  "color": 4294967295,
                  "enabled": true,
                  "flex": false,
                  "flexItem": false,
                  "h": 0,
                  "isComponent": undefined,
                  "mount": 0,
                  "mountX": 0,
                  "mountY": 0,
                  "pivot": 0.5,
                  "pivotX": 0.5,
                  "pivotY": 0.5,
                  "ref": "Text",
                  "renderOfScreen": undefined,
                  "renderToTexture": false,
                  "scale": 1,
                  "scaleX": 1,
                  "scaleY": 1,
                  "state": undefined,
                  "tag": [Function],
                  "tags": Array [
                    "Text",
                  ],
                  "texture": Object {
                    "fontFace": "XfinityStandardMedium",
                    "fontSize": 24,
                    "lineHeight": 32,
                    "textColor": 2583691263,
                    "type": "TextTexture",
                    "verticalAlign": "middle",
                  },
                  "visible": true,
                  "w": 0,
                  "x": 0,
                  "y": -4,
                  "zIndex": 0,
                },
              },
              "clipping": false,
              "color": 4294967295,
              "enabled": true,
              "flex": false,
              "flexItem": false,
              "h": 0,
              "isComponent": undefined,
              "mount": 0,
              "mountX": 0,
              "mountY": 0,
              "pivot": 0.5,
              "pivotX": 0.5,
              "pivotY": 0.5,
              "ref": "Content",
              "renderOfScreen": undefined,
              "renderToTexture": false,
              "scale": 1,
              "scaleX": 1,
              "scaleY": 1,
              "state": undefined,
              "tag": [Function],
              "tags": Array [
                "Content",
              ],
              "visible": true,
              "w": 560,
              "x": 24,
              "y": 16,
              "zIndex": 0,
            },
          },
          "clipping": false,
          "color": "ff3e3e45",
          "enabled": true,
          "flex": false,
          "flexItem": false,
          "h": 64,
          "isComponent": undefined,
          "mount": 0,
          "mountX": 0,
          "mountY": 0,
          "pivot": 0.5,
          "pivotX": 0.5,
          "pivotY": 0.5,
          "ref": "ActionArea",
          "renderOfScreen": undefined,
          "renderToTexture": false,
          "scale": 1,
          "scaleX": 1,
          "scaleY": 1,
          "state": undefined,
          "tag": [Function],
          "tags": Array [
            "ActionArea",
          ],
          "texture": Object {
            "type": "RectangleTexture",
          },
          "visible": true,
          "w": 560,
          "x": 0,
          "y": 120,
          "zIndex": 0,
        },
        "Content": Object {
          "active": true,
          "alpha": 1,
          "attached": true,
          "boundsMargin": null,
          "children": Object {
            "Icon": Object {
              "active": true,
              "alpha": 0.001,
              "attached": true,
              "boundsMargin": null,
              "clipping": false,
              "color": 4294967295,
              "enabled": true,
              "flex": false,
              "flexItem": true,
              "h": 64,
              "hasFinalFocus": false,
              "hasFocus": false,
              "isComponent": true,
              "mount": 0,
              "mountX": 0,
              "mountY": 0,
              "pivot": 0.5,
              "pivotX": 0.5,
              "pivotY": 0.5,
              "ref": "Icon",
              "renderOfScreen": undefined,
              "renderToTexture": false,
              "scale": 0.2,
              "scaleX": 0.2,
              "scaleY": 0.2,
              "state": "",
              "tag": [Function],
              "tags": Array [
                "Icon",
              ],
              "texture": Object {
                "src": "patch/to/src",
                "type": "ImageTexture",
              },
              "type": "Icon",
              "visible": true,
              "w": 64,
              "x": 0,
              "y": 0,
              "zIndex": 0,
            },
            "Text": Object {
              "active": true,
              "alpha": 0.001,
              "attached": true,
              "boundsMargin": null,
              "children": Object {
                "Description": Object {
                  "active": true,
                  "alpha": 1,
                  "attached": true,
                  "boundsMargin": null,
                  "children": Object {
                    "Text0": Object {
                      "active": true,
                      "alpha": 1,
                      "attached": true,
                      "boundsMargin": null,
                      "clipping": false,
                      "color": 4294967295,
                      "enabled": true,
                      "flex": false,
                      "flexItem": true,
                      "h": 32,
                      "isComponent": undefined,
                      "mount": 0,
                      "mountX": 0,
                      "mountY": 0,
                      "pivot": 0.5,
                      "pivotX": 0.5,
                      "pivotY": 0.5,
                      "ref": "Text0",
                      "renderOfScreen": undefined,
                      "renderToTexture": false,
                      "scale": 1,
                      "scaleX": 1,
                      "scaleY": 1,
                      "state": undefined,
                      "tag": [Function],
                      "tags": Array [
                        "Text0",
                      ],
                      "texture": Object {
                        "fontFace": "XfinityStandardMedium",
                        "fontSize": 24,
                        "h": 32,
                        "lineHeight": 32,
                        "text": "This",
                        "textColor": 3439329279,
                        "type": "TextTexture",
                        "verticalAlign": "middle",
                      },
                      "visible": true,
                      "w": 0,
                      "x": 0,
                      "y": 0,
                      "zIndex": 0,
                    },
                    "Text1": Object {
                      "active": true,
                      "alpha": 1,
                      "attached": true,
                      "boundsMargin": null,
                      "clipping": false,
                      "color": 4294967295,
                      "enabled": true,
                      "flex": false,
                      "flexItem": true,
                      "h": 32,
                      "isComponent": undefined,
                      "mount": 0,
                      "mountX": 0,
                      "mountY": 0,
                      "pivot": 0.5,
                      "pivotX": 0.5,
                      "pivotY": 0.5,
                      "ref": "Text1",
                      "renderOfScreen": undefined,
                      "renderToTexture": false,
                      "scale": 1,
                      "scaleX": 1,
                      "scaleY": 1,
                      "state": undefined,
                      "tag": [Function],
                      "tags": Array [
                        "Text1",
                      ],
                      "texture": Object {
                        "fontFace": "XfinityStandardMedium",
                        "fontSize": 24,
                        "h": 32,
                        "lineHeight": 32,
                        "text": " is",
                        "textColor": 3439329279,
                        "type": "TextTexture",
                        "verticalAlign": "middle",
                      },
                      "visible": true,
                      "w": 0,
                      "x": 0,
                      "y": 0,
                      "zIndex": 0,
                    },
                    "Text2": Object {
                      "active": true,
                      "alpha": 1,
                      "attached": true,
                      "boundsMargin": null,
                      "clipping": false,
                      "color": 4294967295,
                      "enabled": true,
                      "flex": false,
                      "flexItem": true,
                      "h": 32,
                      "isComponent": undefined,
                      "mount": 0,
                      "mountX": 0,
                      "mountY": 0,
                      "pivot": 0.5,
                      "pivotX": 0.5,
                      "pivotY": 0.5,
                      "ref": "Text2",
                      "renderOfScreen": undefined,
                      "renderToTexture": false,
                      "scale": 1,
                      "scaleX": 1,
                      "scaleY": 1,
                      "state": undefined,
                      "tag": [Function],
                      "tags": Array [
                        "Text2",
                      ],
                      "texture": Object {
                        "fontFace": "XfinityStandardMedium",
                        "fontSize": 24,
                        "h": 32,
                        "lineHeight": 32,
                        "text": " a",
                        "textColor": 3439329279,
                        "type": "TextTexture",
                        "verticalAlign": "middle",
                      },
                      "visible": true,
                      "w": 0,
                      "x": 0,
                      "y": 0,
                      "zIndex": 0,
                    },
                    "Text3": Object {
                      "active": true,
                      "alpha": 1,
                      "attached": true,
                      "boundsMargin": null,
                      "clipping": false,
                      "color": 4294967295,
                      "enabled": true,
                      "flex": false,
                      "flexItem": true,
                      "h": 32,
                      "isComponent": undefined,
                      "mount": 0,
                      "mountX": 0,
                      "mountY": 0,
                      "pivot": 0.5,
                      "pivotX": 0.5,
                      "pivotY": 0.5,
                      "ref": "Text3",
                      "renderOfScreen": undefined,
                      "renderToTexture": false,
                      "scale": 1,
                      "scaleX": 1,
                      "scaleY": 1,
                      "state": undefined,
                      "tag": [Function],
                      "tags": Array [
                        "Text3",
                      ],
                      "texture": Object {
                        "fontFace": "XfinityStandardMedium",
                        "fontSize": 24,
                        "h": 32,
                        "lineHeight": 32,
                        "text": " description",
                        "textColor": 3439329279,
                        "type": "TextTexture",
                        "verticalAlign": "middle",
                      },
                      "visible": true,
                      "w": 0,
                      "x": 0,
                      "y": 0,
                      "zIndex": 0,
                    },
                  },
                  "clipping": false,
                  "color": 4294967295,
                  "enabled": true,
                  "flex": true,
                  "flexItem": true,
                  "h": 0,
                  "hasFinalFocus": false,
                  "hasFocus": false,
                  "isComponent": true,
                  "mount": 0,
                  "mountX": 0,
                  "mountY": 0,
                  "pivot": 0.5,
                  "pivotX": 0.5,
                  "pivotY": 0.5,
                  "ref": "Description",
                  "renderOfScreen": undefined,
                  "renderToTexture": false,
                  "scale": 1,
                  "scaleX": 1,
                  "scaleY": 1,
                  "state": "",
                  "tag": [Function],
                  "tags": Array [
                    "Description",
                  ],
                  "type": "InlineContent",
                  "visible": true,
                  "w": 432,
                  "x": 0,
                  "y": 0,
                  "zIndex": 0,
                },
                "Title": Object {
                  "active": true,
                  "alpha": 1,
                  "attached": true,
                  "boundsMargin": null,
                  "children": Object {
                    "ContentClipper": Object {
                      "active": true,
                      "alpha": 1,
                      "attached": true,
                      "boundsMargin": Array [],
                      "children": Object {
                        "ContentBox": Object {
                          "active": true,
                          "alpha": 1,
                          "attached": true,
                          "boundsMargin": null,
                          "children": Object {
                            "Content": Object {
                              "active": true,
                              "alpha": 1,
                              "attached": true,
                              "boundsMargin": null,
                              "clipping": false,
                              "color": 4294967295,
                              "enabled": true,
                              "flex": false,
                              "flexItem": false,
                              "h": 0,
                              "isComponent": undefined,
                              "mount": 0,
                              "mountX": 0,
                              "mountY": 0,
                              "pivot": 0.5,
                              "pivotX": 0.5,
                              "pivotY": 0.5,
                              "ref": "Content",
                              "renderOfScreen": undefined,
                              "renderToTexture": true,
                              "scale": 1,
                              "scaleX": 1,
                              "scaleY": 1,
                              "state": undefined,
                              "tag": [Function],
                              "tags": Array [
                                "Content",
                              ],
                              "texture": Object {
                                "fontFace": "XfinityBrownBold",
                                "fontSize": 28,
                                "letterSpacing": -0.2,
                                "lineHeight": 36,
                                "maxLines": 1,
                                "text": "Title",
                                "textColor": 4076863487,
                                "type": "TextTexture",
                                "verticalAlign": "middle",
                              },
                              "visible": true,
                              "w": 0,
                              "x": 0,
                              "y": 0,
                              "zIndex": 0,
                            },
                            "ContentLoopTexture": Object {
                              "active": true,
                              "alpha": 1,
                              "attached": true,
                              "boundsMargin": null,
                              "clipping": false,
                              "color": 4294967295,
                              "enabled": true,
                              "flex": false,
                              "flexItem": false,
                              "h": 0,
                              "isComponent": undefined,
                              "mount": 0,
                              "mountX": 0,
                              "mountY": 0,
                              "pivot": 0.5,
                              "pivotX": 0.5,
                              "pivotY": 0.5,
                              "ref": "ContentLoopTexture",
                              "renderOfScreen": undefined,
                              "renderToTexture": false,
                              "scale": 1,
                              "scaleX": 1,
                              "scaleY": 1,
                              "state": undefined,
                              "tag": [Function],
                              "tags": Array [
                                "ContentLoopTexture",
                              ],
                              "visible": true,
                              "w": 0,
                              "x": 0,
                              "y": 0,
                              "zIndex": 0,
                            },
                          },
                          "clipping": false,
                          "color": 4294967295,
                          "enabled": true,
                          "flex": false,
                          "flexItem": false,
                          "h": 0,
                          "isComponent": undefined,
                          "mount": 0,
                          "mountX": 0,
                          "mountY": 0,
                          "pivot": 0.5,
                          "pivotX": 0.5,
                          "pivotY": 0.5,
                          "ref": "ContentBox",
                          "renderOfScreen": undefined,
                          "renderToTexture": false,
                          "scale": 1,
                          "scaleX": 1,
                          "scaleY": 1,
                          "state": undefined,
                          "tag": [Function],
                          "tags": Array [
                            "ContentBox",
                          ],
                          "visible": true,
                          "w": 0,
                          "x": 0,
                          "y": 0,
                          "zIndex": 0,
                        },
                      },
                      "clipping": false,
                      "color": 4294967295,
                      "enabled": true,
                      "flex": false,
                      "flexItem": false,
                      "h": 36,
                      "isComponent": undefined,
                      "mount": 0,
                      "mountX": 0,
                      "mountY": 0,
                      "pivot": 0.5,
                      "pivotX": 0.5,
                      "pivotY": 0.5,
                      "ref": "ContentClipper",
                      "renderOfScreen": undefined,
                      "renderToTexture": true,
                      "scale": 1,
                      "scaleX": 1,
                      "scaleY": 1,
                      "state": undefined,
                      "tag": [Function],
                      "tags": Array [
                        "ContentClipper",
                      ],
                      "visible": true,
                      "w": 447,
                      "x": 0,
                      "y": 0,
                      "zIndex": 0,
                    },
                  },
                  "clipping": false,
                  "color": undefined,
                  "enabled": true,
                  "flex": false,
                  "flexItem": true,
                  "h": 36,
                  "hasFinalFocus": false,
                  "hasFocus": false,
                  "isComponent": true,
                  "mount": 0,
                  "mountX": 0,
                  "mountY": 0,
                  "pivot": 0.5,
                  "pivotX": 0.5,
                  "pivotY": 0.5,
                  "ref": "Title",
                  "renderOfScreen": undefined,
                  "renderToTexture": false,
                  "scale": 1,
                  "scaleX": 1,
                  "scaleY": 1,
                  "state": "",
                  "tag": [Function],
                  "tags": Array [
                    "Title",
                  ],
                  "type": "MarqueeText",
                  "visible": true,
                  "w": 432,
                  "x": 0,
                  "y": 0,
                  "zIndex": 0,
                },
              },
              "clipping": false,
              "color": 4294967295,
              "enabled": true,
              "flex": true,
              "flexItem": true,
              "h": 0,
              "isComponent": undefined,
              "mount": 0,
              "mountX": 0,
              "mountY": 0,
              "pivot": 0.5,
              "pivotX": 0.5,
              "pivotY": 0.5,
              "ref": "Text",
              "renderOfScreen": undefined,
              "renderToTexture": false,
              "scale": 1,
              "scaleX": 1,
              "scaleY": 1,
              "state": undefined,
              "tag": [Function],
              "tags": Array [
                "Text",
              ],
              "visible": true,
              "w": 432,
              "x": 64,
              "y": 0,
              "zIndex": 0,
            },
          },
          "clipping": false,
          "color": 4294967295,
          "enabled": true,
          "flex": true,
          "flexItem": true,
          "h": 0,
          "isComponent": undefined,
          "mount": 0,
          "mountX": 0,
          "mountY": 0,
          "pivot": 0.5,
          "pivotX": 0.5,
          "pivotY": 0.5,
          "ref": "Content",
          "renderOfScreen": undefined,
          "renderToTexture": false,
          "scale": 1,
          "scaleX": 1,
          "scaleY": 1,
          "state": undefined,
          "tag": [Function],
          "tags": Array [
            "Content",
          ],
          "visible": true,
          "w": 0,
          "x": 24,
          "y": 24,
          "zIndex": 0,
        },
      },
      "clipping": true,
      "color": "ff232328",
      "enabled": true,
      "flex": false,
      "flexItem": false,
      "h": 120,
      "isComponent": undefined,
      "mount": 0,
      "mountX": 0,
      "mountY": 0,
      "pivot": 1,
      "pivotX": 1,
      "pivotY": 0.5,
      "ref": "Container",
      "renderOfScreen": undefined,
      "renderToTexture": false,
      "scale": 0.4,
      "scaleX": 0.4,
      "scaleY": 0.4,
      "state": undefined,
      "tag": [Function],
      "tags": Array [
        "Container",
      ],
      "texture": Object {
        "type": "RectangleTexture",
      },
      "visible": true,
      "w": 120,
      "x": 440,
      "y": 0,
      "zIndex": 0,
    },
  },
}
`;
